Turbo Assembler	 Version 2.0	    03/11/21 20:07:27	    Page 1
Lab1B.asm



      1				     ;**************************************************************************
      2				     ; MBS 2021. BASIC STRUCTURE OF AN ASSEMBLER PROGRAMME
      3				     ;**************************************************************************
      4				     ; DATA SEGMENT DEFINITION
      5	0000			     DATA SEGMENT
      6				     ;-- fill with the requested data
      7	0000			     DATA ENDS
      8				     ;**************************************************************************
      9				     ; STACK SEGMENT DEFINITION
     10	0000			     STACKSEG SEGMENT STACK "STACK"
     11	0000  40*(00)		     DB	40H DUP	(0) ; initialization example, 64 bytes initialize to 0
     12	0040			     STACKSEG ENDS
     13				     ;**************************************************************************
     14				     ; EXTRA SEGMENT DEFINITION
     15	0000			     EXTRA SEGMENT
     16	0000  0000 0000		     RESULT DW 0,0 ; initialization example. 2 WORDS (4	BYTES)
     17	0004			     EXTRA ENDS
     18				     ;**************************************************************************
     19				     ; CODE SEGMENT DEFINITION
     20	0000			     CODE SEGMENT
     21				     ASSUME CS:	CODE, DS: DATA,	ES: EXTRA, SS: STACKSEG
     22				     ; BEGINNING OF MAIN PROCEDURE
     23	0000			     BEGIN PROC
     24					 ; INITIALIZE THE SEGMENT REGISTER WITH	ITS VALUE
     25	0000  B8 0000s			 MOV AX, DATA
     26	0003  8E D8			 MOV DS, AX
     27	0005  B8 0000s			 MOV AX, STACKSEG
     28	0008  8E D0			 MOV SS, AX
     29	000A  B8 0000s			 MOV AX, EXTRA
     30	000D  8E C0			 MOV ES, AX
     31	000F  BC 0040			 MOV SP, 64 ; LOAD A STACK POINTER WITH	THE HIGHEST VALUE
     32					 ; END OF INITIALIZATIONS
     33					 ; BEGINNING OF	THE PROGRAMME
     34
     35	0012  B8 0372			 MOV AX, 0372H
     36	0015  8E D8			 MOV DS, AX
     37
     38	0017  B8 0362			 MOV AX, 0362H
     39	001A  8E C0			 MOV ES, AX
     40
     41	001C  BB 0212			 MOV BX, 0212H
     42	001F  BF 1010			 MOV DI, 1010H
     43
     44					 ; a, b, c
     45	0022  A0 0211			 MOV AL, DS:[0211H]
     46
     47	0025  8B 07			 MOV AX, [BX]
     48
     49	0027  88 05			 MOV [DI], AL
     50
     51					 ; a1, b1, c1
     52	0029  26: A0 0311		 MOV AL, ES:[0311H]
     53
     54	002D  BE 0312			 MOV SI, 0312H
     55	0030  26: 8B 04			 MOV AX, ES:[SI]
     56
     57	0033  26: A2 1110		 MOV ES:[1110H], AL
Turbo Assembler	 Version 2.0	    03/11/21 20:07:27	    Page 2
Lab1B.asm



     58
     59
     60					 ; END OF THE PROGRAMME
     61	0037  B8 4C00			 MOV AX, 4C00H
     62	003A  CD 21			 INT 21H
     63	003C			     BEGIN ENDP
     64				     ; END OF THE CODE SEGMENT
     65	003C			     CODE ENDS
     66				     ; END OF THE PROGRAMME POINTING OUT WHERE THE EXECUTION BEGINS
     67				     END BEGIN
Turbo Assembler	 Version 2.0	    03/11/21 20:07:27	    Page 3
Symbol Table




Symbol Name			  Type	 Value

??DATE				  Text	 "03/11/21"
??FILENAME			  Text	 "Lab1B	  "
??TIME				  Text	 "20:07:27"
??VERSION			  Number 0200
@CPU				  Text	 0101H
@CURSEG				  Text	 CODE
@FILENAME			  Text	 LAB1B
@WORDSIZE			  Text	 2
BEGIN				  Near	 CODE:0000
RESULT				  Word	 EXTRA:0000

Groups & Segments		  Bit Size Align  Combine Class

CODE				  16  003C Para	  none
DATA				  16  0000 Para	  none
EXTRA				  16  0004 Para	  none
STACKSEG			  16  0040 Para	  Stack	  STACK
